Archive member included to satisfy reference by file (symbol)

../../common//libstmcommon.a(system_stm32f4xx.o)
                              ../../common/as/startup_stm32f40_41xxx.o (SystemInit)
../../stm_spl//libstm_spl.a(stm32f4xx_gpio.o)
                              main.o (GPIO_Init)
../../stm_spl//libstm_spl.a(stm32f4xx_rcc.o)
                              main.o (RCC_AHB1PeriphClockCmd)
../../stm_spl//libstm_spl.a(stm32f4xx_tim.o)
                              main.o (TIM_TimeBaseInit)

Discarded input sections

 .text          0x0000000000000000        0x0 main.o
 .data          0x0000000000000000        0x0 main.o
 .bss           0x0000000000000000        0x0 main.o
 .text          0x0000000000000000       0x14 ../../common/as/startup_stm32f40_41xxx.o
 .data          0x0000000000000000        0x0 ../../common/as/startup_stm32f40_41xxx.o
 .bss           0x0000000000000000        0x0 ../../common/as/startup_stm32f40_41xxx.o
 .text          0x0000000000000000        0x0 ../../common//libstmcommon.a(system_stm32f4xx.o)
 .data          0x0000000000000000        0x0 ../../common//libstmcommon.a(system_stm32f4xx.o)
 .bss           0x0000000000000000        0x0 ../../common//libstmcommon.a(system_stm32f4xx.o)
 .text          0x0000000000000000        0x0 ../../stm_spl//libstm_spl.a(stm32f4xx_gpio.o)
 .data          0x0000000000000000        0x0 ../../stm_spl//libstm_spl.a(stm32f4xx_gpio.o)
 .bss           0x0000000000000000        0x0 ../../stm_spl//libstm_spl.a(stm32f4xx_gpio.o)
 .text.GPIO_DeInit
                0x0000000000000000      0x164 ../../stm_spl//libstm_spl.a(stm32f4xx_gpio.o)
 .text.GPIO_StructInit
                0x0000000000000000       0x34 ../../stm_spl//libstm_spl.a(stm32f4xx_gpio.o)
 .text.GPIO_PinLockConfig
                0x0000000000000000       0x44 ../../stm_spl//libstm_spl.a(stm32f4xx_gpio.o)
 .text.GPIO_ReadInputDataBit
                0x0000000000000000       0x34 ../../stm_spl//libstm_spl.a(stm32f4xx_gpio.o)
 .text.GPIO_ReadInputData
                0x0000000000000000       0x1a ../../stm_spl//libstm_spl.a(stm32f4xx_gpio.o)
 .text.GPIO_ReadOutputDataBit
                0x0000000000000000       0x34 ../../stm_spl//libstm_spl.a(stm32f4xx_gpio.o)
 .text.GPIO_ReadOutputData
                0x0000000000000000       0x1a ../../stm_spl//libstm_spl.a(stm32f4xx_gpio.o)
 .text.GPIO_WriteBit
                0x0000000000000000       0x30 ../../stm_spl//libstm_spl.a(stm32f4xx_gpio.o)
 .text.GPIO_Write
                0x0000000000000000       0x1e ../../stm_spl//libstm_spl.a(stm32f4xx_gpio.o)
 .text.GPIO_ToggleBits
                0x0000000000000000       0x24 ../../stm_spl//libstm_spl.a(stm32f4xx_gpio.o)
 .text.GPIO_PinAFConfig
                0x0000000000000000       0x92 ../../stm_spl//libstm_spl.a(stm32f4xx_gpio.o)
 .text          0x0000000000000000        0x0 ../../stm_spl//libstm_spl.a(stm32f4xx_rcc.o)
 .data          0x0000000000000000        0x0 ../../stm_spl//libstm_spl.a(stm32f4xx_rcc.o)
 .bss           0x0000000000000000        0x0 ../../stm_spl//libstm_spl.a(stm32f4xx_rcc.o)
 .data.APBAHBPrescTable
                0x0000000000000000       0x10 ../../stm_spl//libstm_spl.a(stm32f4xx_rcc.o)
 .text.RCC_DeInit
                0x0000000000000000       0x70 ../../stm_spl//libstm_spl.a(stm32f4xx_rcc.o)
 .text.RCC_HSEConfig
                0x0000000000000000       0x28 ../../stm_spl//libstm_spl.a(stm32f4xx_rcc.o)
 .text.RCC_WaitForHSEStartUp
                0x0000000000000000       0x50 ../../stm_spl//libstm_spl.a(stm32f4xx_rcc.o)
 .text.RCC_AdjustHSICalibrationValue
                0x0000000000000000       0x3c ../../stm_spl//libstm_spl.a(stm32f4xx_rcc.o)
 .text.RCC_HSICmd
                0x0000000000000000       0x20 ../../stm_spl//libstm_spl.a(stm32f4xx_rcc.o)
 .text.RCC_LSEConfig
                0x0000000000000000       0x44 ../../stm_spl//libstm_spl.a(stm32f4xx_rcc.o)
 .text.RCC_LSICmd
                0x0000000000000000       0x20 ../../stm_spl//libstm_spl.a(stm32f4xx_rcc.o)
 .text.RCC_PLLConfig
                0x0000000000000000       0x40 ../../stm_spl//libstm_spl.a(stm32f4xx_rcc.o)
 .text.RCC_PLLCmd
                0x0000000000000000       0x20 ../../stm_spl//libstm_spl.a(stm32f4xx_rcc.o)
 .text.RCC_PLLI2SConfig
                0x0000000000000000       0x2c ../../stm_spl//libstm_spl.a(stm32f4xx_rcc.o)
 .text.RCC_PLLI2SCmd
                0x0000000000000000       0x20 ../../stm_spl//libstm_spl.a(stm32f4xx_rcc.o)
 .text.RCC_PLLSAIConfig
                0x0000000000000000       0x34 ../../stm_spl//libstm_spl.a(stm32f4xx_rcc.o)
 .text.RCC_PLLSAICmd
                0x0000000000000000       0x20 ../../stm_spl//libstm_spl.a(stm32f4xx_rcc.o)
 .text.RCC_ClockSecuritySystemCmd
                0x0000000000000000       0x20 ../../stm_spl//libstm_spl.a(stm32f4xx_rcc.o)
 .text.RCC_MCO1Config
                0x0000000000000000       0x40 ../../stm_spl//libstm_spl.a(stm32f4xx_rcc.o)
 .text.RCC_MCO2Config
                0x0000000000000000       0x40 ../../stm_spl//libstm_spl.a(stm32f4xx_rcc.o)
 .text.RCC_SYSCLKConfig
                0x0000000000000000       0x38 ../../stm_spl//libstm_spl.a(stm32f4xx_rcc.o)
 .text.RCC_GetSYSCLKSource
                0x0000000000000000       0x20 ../../stm_spl//libstm_spl.a(stm32f4xx_rcc.o)
 .text.RCC_HCLKConfig
                0x0000000000000000       0x38 ../../stm_spl//libstm_spl.a(stm32f4xx_rcc.o)
 .text.RCC_PCLK1Config
                0x0000000000000000       0x38 ../../stm_spl//libstm_spl.a(stm32f4xx_rcc.o)
 .text.RCC_PCLK2Config
                0x0000000000000000       0x3c ../../stm_spl//libstm_spl.a(stm32f4xx_rcc.o)
 .text.RCC_GetClocksFreq
                0x0000000000000000      0x150 ../../stm_spl//libstm_spl.a(stm32f4xx_rcc.o)
 .text.RCC_RTCCLKConfig
                0x0000000000000000       0x5c ../../stm_spl//libstm_spl.a(stm32f4xx_rcc.o)
 .text.RCC_RTCCLKCmd
                0x0000000000000000       0x20 ../../stm_spl//libstm_spl.a(stm32f4xx_rcc.o)
 .text.RCC_BackupResetCmd
                0x0000000000000000       0x20 ../../stm_spl//libstm_spl.a(stm32f4xx_rcc.o)
 .text.RCC_I2SCLKConfig
                0x0000000000000000       0x20 ../../stm_spl//libstm_spl.a(stm32f4xx_rcc.o)
 .text.RCC_SAIBlockACLKConfig
                0x0000000000000000       0x3c ../../stm_spl//libstm_spl.a(stm32f4xx_rcc.o)
 .text.RCC_SAIBlockBCLKConfig
                0x0000000000000000       0x3c ../../stm_spl//libstm_spl.a(stm32f4xx_rcc.o)
 .text.RCC_SAIPLLI2SClkDivConfig
                0x0000000000000000       0x40 ../../stm_spl//libstm_spl.a(stm32f4xx_rcc.o)
 .text.RCC_SAIPLLSAIClkDivConfig
                0x0000000000000000       0x40 ../../stm_spl//libstm_spl.a(stm32f4xx_rcc.o)
 .text.RCC_LTDCCLKDivConfig
                0x0000000000000000       0x3c ../../stm_spl//libstm_spl.a(stm32f4xx_rcc.o)
 .text.RCC_TIMCLKPresConfig
                0x0000000000000000       0x20 ../../stm_spl//libstm_spl.a(stm32f4xx_rcc.o)
 .text.RCC_AHB2PeriphClockCmd
                0x0000000000000000       0x40 ../../stm_spl//libstm_spl.a(stm32f4xx_rcc.o)
 .text.RCC_AHB3PeriphClockCmd
                0x0000000000000000       0x40 ../../stm_spl//libstm_spl.a(stm32f4xx_rcc.o)
 .text.RCC_AHB1PeriphResetCmd
                0x0000000000000000       0x40 ../../stm_spl//libstm_spl.a(stm32f4xx_rcc.o)
 .text.RCC_AHB2PeriphResetCmd
                0x0000000000000000       0x40 ../../stm_spl//libstm_spl.a(stm32f4xx_rcc.o)
 .text.RCC_AHB3PeriphResetCmd
                0x0000000000000000       0x40 ../../stm_spl//libstm_spl.a(stm32f4xx_rcc.o)
 .text.RCC_APB1PeriphResetCmd
                0x0000000000000000       0x40 ../../stm_spl//libstm_spl.a(stm32f4xx_rcc.o)
 .text.RCC_APB2PeriphResetCmd
                0x0000000000000000       0x40 ../../stm_spl//libstm_spl.a(stm32f4xx_rcc.o)
 .text.RCC_AHB1PeriphClockLPModeCmd
                0x0000000000000000       0x40 ../../stm_spl//libstm_spl.a(stm32f4xx_rcc.o)
 .text.RCC_AHB2PeriphClockLPModeCmd
                0x0000000000000000       0x40 ../../stm_spl//libstm_spl.a(stm32f4xx_rcc.o)
 .text.RCC_AHB3PeriphClockLPModeCmd
                0x0000000000000000       0x40 ../../stm_spl//libstm_spl.a(stm32f4xx_rcc.o)
 .text.RCC_APB1PeriphClockLPModeCmd
                0x0000000000000000       0x40 ../../stm_spl//libstm_spl.a(stm32f4xx_rcc.o)
 .text.RCC_APB2PeriphClockLPModeCmd
                0x0000000000000000       0x40 ../../stm_spl//libstm_spl.a(stm32f4xx_rcc.o)
 .text.RCC_LSEModeConfig
                0x0000000000000000       0x3c ../../stm_spl//libstm_spl.a(stm32f4xx_rcc.o)
 .text.RCC_ITConfig
                0x0000000000000000       0x4c ../../stm_spl//libstm_spl.a(stm32f4xx_rcc.o)
 .text.RCC_GetFlagStatus
                0x0000000000000000       0x74 ../../stm_spl//libstm_spl.a(stm32f4xx_rcc.o)
 .text.RCC_ClearFlag
                0x0000000000000000       0x20 ../../stm_spl//libstm_spl.a(stm32f4xx_rcc.o)
 .text.RCC_GetITStatus
                0x0000000000000000       0x38 ../../stm_spl//libstm_spl.a(stm32f4xx_rcc.o)
 .text.RCC_ClearITPendingBit
                0x0000000000000000       0x20 ../../stm_spl//libstm_spl.a(stm32f4xx_rcc.o)
 .text          0x0000000000000000        0x0 ../../stm_spl//libstm_spl.a(stm32f4xx_tim.o)
 .data          0x0000000000000000        0x0 ../../stm_spl//libstm_spl.a(stm32f4xx_tim.o)
 .bss           0x0000000000000000        0x0 ../../stm_spl//libstm_spl.a(stm32f4xx_tim.o)
 .text.TIM_DeInit
                0x0000000000000000      0x1c0 ../../stm_spl//libstm_spl.a(stm32f4xx_tim.o)
 .text.TIM_TimeBaseStructInit
                0x0000000000000000       0x34 ../../stm_spl//libstm_spl.a(stm32f4xx_tim.o)
 .text.TIM_PrescalerConfig
                0x0000000000000000       0x28 ../../stm_spl//libstm_spl.a(stm32f4xx_tim.o)
 .text.TIM_CounterModeConfig
                0x0000000000000000       0x38 ../../stm_spl//libstm_spl.a(stm32f4xx_tim.o)
 .text.TIM_SetCounter
                0x0000000000000000       0x1c ../../stm_spl//libstm_spl.a(stm32f4xx_tim.o)
 .text.TIM_SetAutoreload
                0x0000000000000000       0x1c ../../stm_spl//libstm_spl.a(stm32f4xx_tim.o)
 .text.TIM_GetCounter
                0x0000000000000000       0x18 ../../stm_spl//libstm_spl.a(stm32f4xx_tim.o)
 .text.TIM_GetPrescaler
                0x0000000000000000       0x1a ../../stm_spl//libstm_spl.a(stm32f4xx_tim.o)
 .text.TIM_UpdateDisableConfig
                0x0000000000000000       0x40 ../../stm_spl//libstm_spl.a(stm32f4xx_tim.o)
 .text.TIM_UpdateRequestConfig
                0x0000000000000000       0x40 ../../stm_spl//libstm_spl.a(stm32f4xx_tim.o)
 .text.TIM_ARRPreloadConfig
                0x0000000000000000       0x40 ../../stm_spl//libstm_spl.a(stm32f4xx_tim.o)
 .text.TIM_SelectOnePulseMode
                0x0000000000000000       0x38 ../../stm_spl//libstm_spl.a(stm32f4xx_tim.o)
 .text.TIM_SetClockDivision
                0x0000000000000000       0x38 ../../stm_spl//libstm_spl.a(stm32f4xx_tim.o)
 .text.TIM_OC1Init
                0x0000000000000000       0xf4 ../../stm_spl//libstm_spl.a(stm32f4xx_tim.o)
 .text.TIM_OC2Init
                0x0000000000000000      0x110 ../../stm_spl//libstm_spl.a(stm32f4xx_tim.o)
 .text.TIM_OC3Init
                0x0000000000000000      0x10c ../../stm_spl//libstm_spl.a(stm32f4xx_tim.o)
 .text.TIM_OC4Init
                0x0000000000000000       0xd0 ../../stm_spl//libstm_spl.a(stm32f4xx_tim.o)
 .text.TIM_OCStructInit
                0x0000000000000000       0x44 ../../stm_spl//libstm_spl.a(stm32f4xx_tim.o)
 .text.TIM_SelectOCxM
                0x0000000000000000       0xb2 ../../stm_spl//libstm_spl.a(stm32f4xx_tim.o)
 .text.TIM_SetCompare1
                0x0000000000000000       0x1c ../../stm_spl//libstm_spl.a(stm32f4xx_tim.o)
 .text.TIM_SetCompare2
                0x0000000000000000       0x1c ../../stm_spl//libstm_spl.a(stm32f4xx_tim.o)
 .text.TIM_SetCompare3
                0x0000000000000000       0x1c ../../stm_spl//libstm_spl.a(stm32f4xx_tim.o)
 .text.TIM_SetCompare4
                0x0000000000000000       0x1c ../../stm_spl//libstm_spl.a(stm32f4xx_tim.o)
 .text.TIM_ForcedOC1Config
                0x0000000000000000       0x38 ../../stm_spl//libstm_spl.a(stm32f4xx_tim.o)
 .text.TIM_ForcedOC2Config
                0x0000000000000000       0x3c ../../stm_spl//libstm_spl.a(stm32f4xx_tim.o)
 .text.TIM_ForcedOC3Config
                0x0000000000000000       0x38 ../../stm_spl//libstm_spl.a(stm32f4xx_tim.o)
 .text.TIM_ForcedOC4Config
                0x0000000000000000       0x3c ../../stm_spl//libstm_spl.a(stm32f4xx_tim.o)
 .text.TIM_OC1PreloadConfig
                0x0000000000000000       0x38 ../../stm_spl//libstm_spl.a(stm32f4xx_tim.o)
 .text.TIM_OC2PreloadConfig
                0x0000000000000000       0x3c ../../stm_spl//libstm_spl.a(stm32f4xx_tim.o)
 .text.TIM_OC3PreloadConfig
                0x0000000000000000       0x38 ../../stm_spl//libstm_spl.a(stm32f4xx_tim.o)
 .text.TIM_OC4PreloadConfig
                0x0000000000000000       0x3c ../../stm_spl//libstm_spl.a(stm32f4xx_tim.o)
 .text.TIM_OC1FastConfig
                0x0000000000000000       0x38 ../../stm_spl//libstm_spl.a(stm32f4xx_tim.o)
 .text.TIM_OC2FastConfig
                0x0000000000000000       0x3c ../../stm_spl//libstm_spl.a(stm32f4xx_tim.o)
 .text.TIM_OC3FastConfig
                0x0000000000000000       0x38 ../../stm_spl//libstm_spl.a(stm32f4xx_tim.o)
 .text.TIM_OC4FastConfig
                0x0000000000000000       0x3c ../../stm_spl//libstm_spl.a(stm32f4xx_tim.o)
 .text.TIM_ClearOC1Ref
                0x0000000000000000       0x38 ../../stm_spl//libstm_spl.a(stm32f4xx_tim.o)
 .text.TIM_ClearOC2Ref
                0x0000000000000000       0x3c ../../stm_spl//libstm_spl.a(stm32f4xx_tim.o)
 .text.TIM_ClearOC3Ref
                0x0000000000000000       0x38 ../../stm_spl//libstm_spl.a(stm32f4xx_tim.o)
 .text.TIM_ClearOC4Ref
                0x0000000000000000       0x3c ../../stm_spl//libstm_spl.a(stm32f4xx_tim.o)
 .text.TIM_OC1PolarityConfig
                0x0000000000000000       0x38 ../../stm_spl//libstm_spl.a(stm32f4xx_tim.o)
 .text.TIM_OC1NPolarityConfig
                0x0000000000000000       0x38 ../../stm_spl//libstm_spl.a(stm32f4xx_tim.o)
 .text.TIM_OC2PolarityConfig
                0x0000000000000000       0x3c ../../stm_spl//libstm_spl.a(stm32f4xx_tim.o)
 .text.TIM_OC2NPolarityConfig
                0x0000000000000000       0x3c ../../stm_spl//libstm_spl.a(stm32f4xx_tim.o)
 .text.TIM_OC3PolarityConfig
                0x0000000000000000       0x3c ../../stm_spl//libstm_spl.a(stm32f4xx_tim.o)
 .text.TIM_OC3NPolarityConfig
                0x0000000000000000       0x3c ../../stm_spl//libstm_spl.a(stm32f4xx_tim.o)
 .text.TIM_OC4PolarityConfig
                0x0000000000000000       0x3c ../../stm_spl//libstm_spl.a(stm32f4xx_tim.o)
 .text.TIM_CCxCmd
                0x0000000000000000       0x56 ../../stm_spl//libstm_spl.a(stm32f4xx_tim.o)
 .text.TIM_CCxNCmd
                0x0000000000000000       0x56 ../../stm_spl//libstm_spl.a(stm32f4xx_tim.o)
 .text.TIM_ICInit
                0x0000000000000000       0xa8 ../../stm_spl//libstm_spl.a(stm32f4xx_tim.o)
 .text.TIM_ICStructInit
                0x0000000000000000       0x32 ../../stm_spl//libstm_spl.a(stm32f4xx_tim.o)
 .text.TIM_PWMIConfig
                0x0000000000000000       0xb8 ../../stm_spl//libstm_spl.a(stm32f4xx_tim.o)
 .text.TIM_GetCapture1
                0x0000000000000000       0x18 ../../stm_spl//libstm_spl.a(stm32f4xx_tim.o)
 .text.TIM_GetCapture2
                0x0000000000000000       0x18 ../../stm_spl//libstm_spl.a(stm32f4xx_tim.o)
 .text.TIM_GetCapture3
                0x0000000000000000       0x18 ../../stm_spl//libstm_spl.a(stm32f4xx_tim.o)
 .text.TIM_GetCapture4
                0x0000000000000000       0x18 ../../stm_spl//libstm_spl.a(stm32f4xx_tim.o)
 .text.TIM_SetIC1Prescaler
                0x0000000000000000       0x38 ../../stm_spl//libstm_spl.a(stm32f4xx_tim.o)
 .text.TIM_SetIC2Prescaler
                0x0000000000000000       0x3c ../../stm_spl//libstm_spl.a(stm32f4xx_tim.o)
 .text.TIM_SetIC3Prescaler
                0x0000000000000000       0x38 ../../stm_spl//libstm_spl.a(stm32f4xx_tim.o)
 .text.TIM_SetIC4Prescaler
                0x0000000000000000       0x3c ../../stm_spl//libstm_spl.a(stm32f4xx_tim.o)
 .text.TIM_BDTRConfig
                0x0000000000000000       0x50 ../../stm_spl//libstm_spl.a(stm32f4xx_tim.o)
 .text.TIM_BDTRStructInit
                0x0000000000000000       0x3e ../../stm_spl//libstm_spl.a(stm32f4xx_tim.o)
 .text.TIM_CtrlPWMOutputs
                0x0000000000000000       0x4c ../../stm_spl//libstm_spl.a(stm32f4xx_tim.o)
 .text.TIM_SelectCOM
                0x0000000000000000       0x40 ../../stm_spl//libstm_spl.a(stm32f4xx_tim.o)
 .text.TIM_CCPreloadControl
                0x0000000000000000       0x40 ../../stm_spl//libstm_spl.a(stm32f4xx_tim.o)
 .text.TIM_GenerateEvent
                0x0000000000000000       0x1e ../../stm_spl//libstm_spl.a(stm32f4xx_tim.o)
 .text.TIM_GetFlagStatus
                0x0000000000000000       0x38 ../../stm_spl//libstm_spl.a(stm32f4xx_tim.o)
 .text.TIM_ClearFlag
                0x0000000000000000       0x22 ../../stm_spl//libstm_spl.a(stm32f4xx_tim.o)
 .text.TIM_DMAConfig
                0x0000000000000000       0x2a ../../stm_spl//libstm_spl.a(stm32f4xx_tim.o)
 .text.TIM_DMACmd
                0x0000000000000000       0x48 ../../stm_spl//libstm_spl.a(stm32f4xx_tim.o)
 .text.TIM_SelectCCDMA
                0x0000000000000000       0x40 ../../stm_spl//libstm_spl.a(stm32f4xx_tim.o)
 .text.TIM_InternalClockConfig
                0x0000000000000000       0x24 ../../stm_spl//libstm_spl.a(stm32f4xx_tim.o)
 .text.TIM_ITRxExternalClockConfig
                0x0000000000000000       0x2e ../../stm_spl//libstm_spl.a(stm32f4xx_tim.o)
 .text.TIM_TIxExternalClockConfig
                0x0000000000000000       0x5c ../../stm_spl//libstm_spl.a(stm32f4xx_tim.o)
 .text.TIM_ETRClockMode1Config
                0x0000000000000000       0x5e ../../stm_spl//libstm_spl.a(stm32f4xx_tim.o)
 .text.TIM_ETRClockMode2Config
                0x0000000000000000       0x3e ../../stm_spl//libstm_spl.a(stm32f4xx_tim.o)
 .text.TIM_SelectInputTrigger
                0x0000000000000000       0x38 ../../stm_spl//libstm_spl.a(stm32f4xx_tim.o)
 .text.TIM_SelectOutputTrigger
                0x0000000000000000       0x38 ../../stm_spl//libstm_spl.a(stm32f4xx_tim.o)
 .text.TIM_SelectSlaveMode
                0x0000000000000000       0x38 ../../stm_spl//libstm_spl.a(stm32f4xx_tim.o)
 .text.TIM_SelectMasterSlaveMode
                0x0000000000000000       0x38 ../../stm_spl//libstm_spl.a(stm32f4xx_tim.o)
 .text.TIM_ETRConfig
                0x0000000000000000       0x54 ../../stm_spl//libstm_spl.a(stm32f4xx_tim.o)
 .text.TIM_EncoderInterfaceConfig
                0x0000000000000000       0x98 ../../stm_spl//libstm_spl.a(stm32f4xx_tim.o)
 .text.TIM_SelectHallSensor
                0x0000000000000000       0x40 ../../stm_spl//libstm_spl.a(stm32f4xx_tim.o)
 .text.TIM_RemapConfig
                0x0000000000000000       0x20 ../../stm_spl//libstm_spl.a(stm32f4xx_tim.o)
 .text.TI1_Config
                0x0000000000000000       0x86 ../../stm_spl//libstm_spl.a(stm32f4xx_tim.o)
 .text.TI2_Config
                0x0000000000000000       0x9a ../../stm_spl//libstm_spl.a(stm32f4xx_tim.o)
 .text.TI3_Config
                0x0000000000000000       0x90 ../../stm_spl//libstm_spl.a(stm32f4xx_tim.o)
 .text.TI4_Config
                0x0000000000000000       0x9e ../../stm_spl//libstm_spl.a(stm32f4xx_tim.o)

Memory Configuration

Name             Origin             Length             Attributes
RAM              0x0000000020000000 0x0000000000020000 xrw
CCMRAM           0x0000000010000000 0x0000000000010000 xrw
FLASH            0x0000000008000000 0x0000000000100000 xr
FLASHB1          0x0000000000000000 0x0000000000000000 xr
EXTMEMB0         0x0000000000000000 0x0000000000000000 xr
EXTMEMB1         0x0000000000000000 0x0000000000000000 xr
EXTMEMB2         0x0000000000000000 0x0000000000000000 xr
EXTMEMB3         0x0000000000000000 0x0000000000000000 xr
MEMORY_ARRAY     0x0000000020002000 0x0000000000000020 xrw
*default*        0x0000000000000000 0xffffffffffffffff

Linker script and memory map

LOAD main.o
LOAD ../../common/as/startup_stm32f40_41xxx.o
START GROUP
LOAD /usr/lib/gcc/arm-none-eabi/6.3.1/../../../arm-none-eabi/lib/thumb/v7e-m/fpv4-sp/hard/libc.a
LOAD /usr/lib/gcc/arm-none-eabi/6.3.1/thumb/v7e-m/fpv4-sp/hard/libgcc.a
LOAD /usr/lib/gcc/arm-none-eabi/6.3.1/../../../arm-none-eabi/lib/thumb/v7e-m/fpv4-sp/hard/libnosys.a
END GROUP
LOAD ../../common//libstmcommon.a
LOAD ../../stm_spl//libstm_spl.a
START GROUP
LOAD /usr/lib/gcc/arm-none-eabi/6.3.1/thumb/v7e-m/fpv4-sp/hard/libgcc.a
LOAD /usr/lib/gcc/arm-none-eabi/6.3.1/../../../arm-none-eabi/lib/thumb/v7e-m/fpv4-sp/hard/libc.a
END GROUP
                0x0000000000004000                __Stack_Size = 0x4000
                [!provide]                        PROVIDE (_Stack_Size, __Stack_Size)
                0x000000002001c000                __Stack_Init = (_estack - __Stack_Size)
                [!provide]                        PROVIDE (_Stack_Init, __Stack_Init)
                0x0000000000004000                _Minimum_Stack_Size = 0x4000
                0x0000000020020000                _estack = 0x20020000

.isr_vector     0x0000000008000000      0x188
                0x0000000008000000                . = ALIGN (0x4)
 *(.isr_vector)
 .isr_vector    0x0000000008000000      0x188 ../../common/as/startup_stm32f40_41xxx.o
                0x0000000008000000                g_pfnVectors
                0x0000000008000188                . = ALIGN (0x4)

.flashtext      0x0000000008000188        0x0
                0x0000000008000188                . = ALIGN (0x4)
 *(.flashtext)
                0x0000000008000188                . = ALIGN (0x4)

.text           0x0000000008000188      0x88c
                0x0000000008000188                . = ALIGN (0x4)
 *(.text)
 *(.text.*)
 .text.NVIC_EnableIRQ
                0x0000000008000188       0x34 main.o
 .text.TIM2_IRQHandler
                0x00000000080001bc       0x26 main.o
                0x00000000080001bc                TIM2_IRQHandler
 .text.timer_ini
                0x00000000080001e2       0x52 main.o
                0x00000000080001e2                timer_ini
 .text.gpio_ini
                0x0000000008000234       0xb8 main.o
                0x0000000008000234                gpio_ini
 .text.main     0x00000000080002ec       0x18 main.o
                0x00000000080002ec                main
 .text.flash_led
                0x0000000008000304       0x7c main.o
                0x0000000008000304                flash_led
 .text.Reset_Handler
                0x0000000008000380       0x44 ../../common/as/startup_stm32f40_41xxx.o
                0x0000000008000380                Reset_Handler
 .text.Default_Handler
                0x00000000080003c4        0x2 ../../common/as/startup_stm32f40_41xxx.o
                0x00000000080003c4                RTC_Alarm_IRQHandler
                0x00000000080003c4                HASH_RNG_IRQHandler
                0x00000000080003c4                EXTI2_IRQHandler
                0x00000000080003c4                TIM8_CC_IRQHandler
                0x00000000080003c4                DebugMon_Handler
                0x00000000080003c4                TIM1_CC_IRQHandler
                0x00000000080003c4                DMA2_Stream5_IRQHandler
                0x00000000080003c4                HardFault_Handler
                0x00000000080003c4                DMA1_Stream5_IRQHandler
                0x00000000080003c4                SysTick_Handler
                0x00000000080003c4                PVD_IRQHandler
                0x00000000080003c4                SDIO_IRQHandler
                0x00000000080003c4                TAMP_STAMP_IRQHandler
                0x00000000080003c4                PendSV_Handler
                0x00000000080003c4                NMI_Handler
                0x00000000080003c4                CAN2_RX1_IRQHandler
                0x00000000080003c4                EXTI3_IRQHandler
                0x00000000080003c4                TIM8_TRG_COM_TIM14_IRQHandler
                0x00000000080003c4                TIM1_UP_TIM10_IRQHandler
                0x00000000080003c4                TIM8_UP_TIM13_IRQHandler
                0x00000000080003c4                I2C3_ER_IRQHandler
                0x00000000080003c4                EXTI0_IRQHandler
                0x00000000080003c4                I2C2_EV_IRQHandler
                0x00000000080003c4                DMA1_Stream2_IRQHandler
                0x00000000080003c4                CAN1_RX0_IRQHandler
                0x00000000080003c4                FPU_IRQHandler
                0x00000000080003c4                OTG_HS_WKUP_IRQHandler
                0x00000000080003c4                UsageFault_Handler
                0x00000000080003c4                CAN2_SCE_IRQHandler
                0x00000000080003c4                DMA2_Stream2_IRQHandler
                0x00000000080003c4                SPI1_IRQHandler
                0x00000000080003c4                TIM6_DAC_IRQHandler
                0x00000000080003c4                TIM1_BRK_TIM9_IRQHandler
                0x00000000080003c4                DCMI_IRQHandler
                0x00000000080003c4                CAN2_RX0_IRQHandler
                0x00000000080003c4                DMA2_Stream3_IRQHandler
                0x00000000080003c4                USART6_IRQHandler
                0x00000000080003c4                USART3_IRQHandler
                0x00000000080003c4                CRYP_IRQHandler
                0x00000000080003c4                CAN1_RX1_IRQHandler
                0x00000000080003c4                UART5_IRQHandler
                0x00000000080003c4                DMA2_Stream0_IRQHandler
                0x00000000080003c4                TIM4_IRQHandler
                0x00000000080003c4                I2C1_EV_IRQHandler
                0x00000000080003c4                DMA1_Stream6_IRQHandler
                0x00000000080003c4                DMA1_Stream1_IRQHandler
                0x00000000080003c4                UART4_IRQHandler
                0x00000000080003c4                TIM3_IRQHandler
                0x00000000080003c4                RCC_IRQHandler
                0x00000000080003c4                TIM8_BRK_TIM12_IRQHandler
                0x00000000080003c4                Default_Handler
                0x00000000080003c4                EXTI15_10_IRQHandler
                0x00000000080003c4                ADC_IRQHandler
                0x00000000080003c4                DMA1_Stream7_IRQHandler
                0x00000000080003c4                TIM7_IRQHandler
                0x00000000080003c4                CAN2_TX_IRQHandler
                0x00000000080003c4                TIM5_IRQHandler
                0x00000000080003c4                DMA2_Stream7_IRQHandler
                0x00000000080003c4                I2C3_EV_IRQHandler
                0x00000000080003c4                EXTI9_5_IRQHandler
                0x00000000080003c4                RTC_WKUP_IRQHandler
                0x00000000080003c4                ETH_WKUP_IRQHandler
                0x00000000080003c4                SPI2_IRQHandler
                0x00000000080003c4                OTG_HS_EP1_IN_IRQHandler
                0x00000000080003c4                MemManage_Handler
                0x00000000080003c4                DMA1_Stream0_IRQHandler
                0x00000000080003c4                CAN1_TX_IRQHandler
                0x00000000080003c4                SVC_Handler
                0x00000000080003c4                EXTI4_IRQHandler
                0x00000000080003c4                FSMC_IRQHandler
                0x00000000080003c4                ETH_IRQHandler
                0x00000000080003c4                OTG_HS_EP1_OUT_IRQHandler
                0x00000000080003c4                WWDG_IRQHandler
                0x00000000080003c4                OTG_FS_WKUP_IRQHandler
                0x00000000080003c4                TIM1_TRG_COM_TIM11_IRQHandler
                0x00000000080003c4                OTG_HS_IRQHandler
                0x00000000080003c4                EXTI1_IRQHandler
                0x00000000080003c4                USART2_IRQHandler
                0x00000000080003c4                I2C2_ER_IRQHandler
                0x00000000080003c4                DMA2_Stream1_IRQHandler
                0x00000000080003c4                CAN1_SCE_IRQHandler
                0x00000000080003c4                FLASH_IRQHandler
                0x00000000080003c4                DMA2_Stream4_IRQHandler
                0x00000000080003c4                BusFault_Handler
                0x00000000080003c4                USART1_IRQHandler
                0x00000000080003c4                OTG_FS_IRQHandler
                0x00000000080003c4                SPI3_IRQHandler
                0x00000000080003c4                DMA1_Stream4_IRQHandler
                0x00000000080003c4                I2C1_ER_IRQHandler
                0x00000000080003c4                DMA2_Stream6_IRQHandler
                0x00000000080003c4                DMA1_Stream3_IRQHandler
 *fill*         0x00000000080003c6        0x2 
 .text.SystemInit
                0x00000000080003c8       0x6c ../../common//libstmcommon.a(system_stm32f4xx.o)
                0x00000000080003c8                SystemInit
 .text.SystemCoreClockUpdate
                0x0000000008000434       0xf8 ../../common//libstmcommon.a(system_stm32f4xx.o)
                0x0000000008000434                SystemCoreClockUpdate
 .text.SetSysClock
                0x000000000800052c       0xf8 ../../common//libstmcommon.a(system_stm32f4xx.o)
 .text.GPIO_Init
                0x0000000008000624      0x11c ../../stm_spl//libstm_spl.a(stm32f4xx_gpio.o)
                0x0000000008000624                GPIO_Init
 .text.GPIO_SetBits
                0x0000000008000740       0x1e ../../stm_spl//libstm_spl.a(stm32f4xx_gpio.o)
                0x0000000008000740                GPIO_SetBits
 .text.GPIO_ResetBits
                0x000000000800075e       0x1e ../../stm_spl//libstm_spl.a(stm32f4xx_gpio.o)
                0x000000000800075e                GPIO_ResetBits
 .text.RCC_AHB1PeriphClockCmd
                0x000000000800077c       0x40 ../../stm_spl//libstm_spl.a(stm32f4xx_rcc.o)
                0x000000000800077c                RCC_AHB1PeriphClockCmd
 .text.RCC_APB1PeriphClockCmd
                0x00000000080007bc       0x40 ../../stm_spl//libstm_spl.a(stm32f4xx_rcc.o)
                0x00000000080007bc                RCC_APB1PeriphClockCmd
 .text.RCC_APB2PeriphClockCmd
                0x00000000080007fc       0x40 ../../stm_spl//libstm_spl.a(stm32f4xx_rcc.o)
                0x00000000080007fc                RCC_APB2PeriphClockCmd
 .text.TIM_TimeBaseInit
                0x000000000800083c       0xd8 ../../stm_spl//libstm_spl.a(stm32f4xx_tim.o)
                0x000000000800083c                TIM_TimeBaseInit
 .text.TIM_Cmd  0x0000000008000914       0x40 ../../stm_spl//libstm_spl.a(stm32f4xx_tim.o)
                0x0000000008000914                TIM_Cmd
 .text.TIM_ITConfig
                0x0000000008000954       0x48 ../../stm_spl//libstm_spl.a(stm32f4xx_tim.o)
                0x0000000008000954                TIM_ITConfig
 .text.TIM_GetITStatus
                0x000000000800099c       0x54 ../../stm_spl//libstm_spl.a(stm32f4xx_tim.o)
                0x000000000800099c                TIM_GetITStatus
 .text.TIM_ClearITPendingBit
                0x00000000080009f0       0x22 ../../stm_spl//libstm_spl.a(stm32f4xx_tim.o)
                0x00000000080009f0                TIM_ClearITPendingBit
 *(.rodata)
 *(.rodata*)
 *(.glue_7)
 .glue_7        0x0000000008000a12        0x0 linker stubs
 *(.glue_7t)
 .glue_7t       0x0000000008000a12        0x0 linker stubs
                0x0000000008000a14                . = ALIGN (0x4)
 *fill*         0x0000000008000a12        0x2 
                0x0000000008000a14                _etext = .
                0x0000000008000a14                _sidata = _etext

.vfp11_veneer   0x0000000008000a14        0x0
 .vfp11_veneer  0x0000000008000a14        0x0 linker stubs

.v4_bx          0x0000000008000a14        0x0
 .v4_bx         0x0000000008000a14        0x0 linker stubs

.iplt           0x0000000008000a14        0x0
 .iplt          0x0000000008000a14        0x0 main.o

.rel.dyn        0x0000000008000a14        0x0
 .rel.iplt      0x0000000008000a14        0x0 main.o

.ROarraySection
 *(.ROarraySection)

.data           0x0000000020000000       0x14 load address 0x0000000008000a14
                0x0000000020000000                . = ALIGN (0x4)
                0x0000000020000000                _sdata = .
 *(.data)
 *(.data.*)
 .data.SystemCoreClock
                0x0000000020000000        0x4 ../../common//libstmcommon.a(system_stm32f4xx.o)
                0x0000000020000000                SystemCoreClock
 .data.AHBPrescTable
                0x0000000020000004       0x10 ../../common//libstmcommon.a(system_stm32f4xx.o)
                0x0000000020000004                AHBPrescTable
                0x0000000020000014                . = ALIGN (0x4)
                0x0000000020000014                _edata = .

.igot.plt       0x0000000020000014        0x0 load address 0x0000000008000a28
 .igot.plt      0x0000000020000014        0x0 main.o

.bss            0x0000000020000014        0x0
                0x0000000020000014                . = ALIGN (0x4)
                0x0000000020000014                _sbss = .
 *(.bss)
 *(COMMON)
                0x0000000020000014                . = ALIGN (0x4)
                0x0000000020000014                _ebss = .
                [!provide]                        PROVIDE (end, _ebss)
                [!provide]                        PROVIDE (_end, _ebss)

.bss.j          0x0000000020000014        0x4 load address 0x0000000008000a28
 .bss.j         0x0000000020000014        0x4 main.o
                0x0000000020000014                j

._usrstack      0x0000000020000018     0x4000 load address 0x0000000008000a2c
                0x0000000020000018                . = ALIGN (0x4)
                0x0000000020000018                _susrstack = .
                0x0000000020004018                . = (. + _Minimum_Stack_Size)
 *fill*         0x0000000020000018     0x4000 
                0x0000000020004018                . = ALIGN (0x4)
                0x0000000020004018                _eusrstack = .

.b1text
 *(.b1text)
 *(.b1rodata)
 *(.b1rodata*)

.eb0text
 *(.eb0text)
 *(.eb0rodata)
 *(.eb0rodata*)

.eb1text
 *(.eb1text)
 *(.eb1rodata)
 *(.eb1rodata*)

.eb2text
 *(.eb2text)
 *(.eb2rodata)
 *(.eb2rodata*)

.eb3text
 *(.eb3text)
 *(.eb3rodata)
 *(.eb3rodata*)

DISCARD
 libc.a(*)
 libm.a(*)
 libgcc.a(*)

.stab
 *(.stab)

.stabstr
 *(.stabstr)

.stab.excl
 *(.stab.excl)

.stab.exclstr
 *(.stab.exclstr)

.stab.index
 *(.stab.index)

.stab.indexstr
 *(.stab.indexstr)

.comment        0x0000000000000000       0x31
 *(.comment)
 .comment       0x0000000000000000       0x31 main.o
                                         0x32 (size before relaxing)
 .comment       0x0000000000000031       0x32 ../../common//libstmcommon.a(system_stm32f4xx.o)
 .comment       0x0000000000000031       0x32 ../../stm_spl//libstm_spl.a(stm32f4xx_gpio.o)
 .comment       0x0000000000000031       0x32 ../../stm_spl//libstm_spl.a(stm32f4xx_rcc.o)
 .comment       0x0000000000000031       0x32 ../../stm_spl//libstm_spl.a(stm32f4xx_tim.o)

.ARM.attributes
                0x0000000000000000       0x37
 .ARM.attributes
                0x0000000000000000       0x39 main.o
 .ARM.attributes
                0x0000000000000039       0x21 ../../common/as/startup_stm32f40_41xxx.o
 .ARM.attributes
                0x000000000000005a       0x39 ../../common//libstmcommon.a(system_stm32f4xx.o)
 .ARM.attributes
                0x0000000000000093       0x39 ../../stm_spl//libstm_spl.a(stm32f4xx_gpio.o)
 .ARM.attributes
                0x00000000000000cc       0x39 ../../stm_spl//libstm_spl.a(stm32f4xx_rcc.o)
 .ARM.attributes
                0x0000000000000105       0x39 ../../stm_spl//libstm_spl.a(stm32f4xx_tim.o)

.debug
 *(.debug)

.line
 *(.line)

.debug_srcinfo
 *(.debug_srcinfo)

.debug_sfnames
 *(.debug_sfnames)

.debug_aranges  0x0000000000000000      0x5b8
 *(.debug_aranges)
 .debug_aranges
                0x0000000000000000       0x48 main.o
 .debug_aranges
                0x0000000000000048       0x30 ../../common//libstmcommon.a(system_stm32f4xx.o)
 .debug_aranges
                0x0000000000000078       0x88 ../../stm_spl//libstm_spl.a(stm32f4xx_gpio.o)
 .debug_aranges
                0x0000000000000100      0x1c0 ../../stm_spl//libstm_spl.a(stm32f4xx_rcc.o)
 .debug_aranges
                0x00000000000002c0      0x2f8 ../../stm_spl//libstm_spl.a(stm32f4xx_tim.o)

.debug_pubnames
 *(.debug_pubnames)

.debug_info     0x0000000000000000     0x48b3
 *(.debug_info .gnu.linkonce.wi.*)
 .debug_info    0x0000000000000000     0x119f main.o
 .debug_info    0x000000000000119f      0x611 ../../common//libstmcommon.a(system_stm32f4xx.o)
 .debug_info    0x00000000000017b0      0x628 ../../stm_spl//libstm_spl.a(stm32f4xx_gpio.o)
 .debug_info    0x0000000000001dd8      0xe67 ../../stm_spl//libstm_spl.a(stm32f4xx_rcc.o)
 .debug_info    0x0000000000002c3f     0x1c74 ../../stm_spl//libstm_spl.a(stm32f4xx_tim.o)

.debug_abbrev   0x0000000000000000      0x947
 *(.debug_abbrev)
 .debug_abbrev  0x0000000000000000      0x2ce main.o
 .debug_abbrev  0x00000000000002ce      0x158 ../../common//libstmcommon.a(system_stm32f4xx.o)
 .debug_abbrev  0x0000000000000426      0x1b8 ../../stm_spl//libstm_spl.a(stm32f4xx_gpio.o)
 .debug_abbrev  0x00000000000005de      0x1cf ../../stm_spl//libstm_spl.a(stm32f4xx_rcc.o)
 .debug_abbrev  0x00000000000007ad      0x19a ../../stm_spl//libstm_spl.a(stm32f4xx_tim.o)

.debug_line     0x0000000000000000     0x1611
 *(.debug_line)
 .debug_line    0x0000000000000000      0x247 main.o
 .debug_line    0x0000000000000247      0x176 ../../common//libstmcommon.a(system_stm32f4xx.o)
 .debug_line    0x00000000000003bd      0x2b0 ../../stm_spl//libstm_spl.a(stm32f4xx_gpio.o)
 .debug_line    0x000000000000066d      0x5a3 ../../stm_spl//libstm_spl.a(stm32f4xx_rcc.o)
 .debug_line    0x0000000000000c10      0xa01 ../../stm_spl//libstm_spl.a(stm32f4xx_tim.o)

.debug_frame    0x0000000000000000     0x1a20
 *(.debug_frame)
 .debug_frame   0x0000000000000000       0xd8 main.o
 .debug_frame   0x00000000000000d8       0x7c ../../common//libstmcommon.a(system_stm32f4xx.o)
 .debug_frame   0x0000000000000154      0x23c ../../stm_spl//libstm_spl.a(stm32f4xx_gpio.o)
 .debug_frame   0x0000000000000390      0x83c ../../stm_spl//libstm_spl.a(stm32f4xx_rcc.o)
 .debug_frame   0x0000000000000bcc      0xe54 ../../stm_spl//libstm_spl.a(stm32f4xx_tim.o)

.debug_str      0x0000000000000000     0x22a0
 *(.debug_str)
 .debug_str     0x0000000000000000      0xdff main.o
                                        0xe8b (size before relaxing)
 .debug_str     0x0000000000000dff      0x1f0 ../../common//libstmcommon.a(system_stm32f4xx.o)
                                        0x3d3 (size before relaxing)
 .debug_str     0x0000000000000fef      0x1ab ../../stm_spl//libstm_spl.a(stm32f4xx_gpio.o)
                                        0x4bb (size before relaxing)
 .debug_str     0x000000000000119a      0x6ab ../../stm_spl//libstm_spl.a(stm32f4xx_rcc.o)
                                        0x9dd (size before relaxing)
 .debug_str     0x0000000000001845      0xa5b ../../stm_spl//libstm_spl.a(stm32f4xx_tim.o)
                                        0xdeb (size before relaxing)

.debug_loc
 *(.debug_loc)

.debug_macinfo
 *(.debug_macinfo)

.debug_weaknames
 *(.debug_weaknames)

.debug_funcnames
 *(.debug_funcnames)

.debug_typenames
 *(.debug_typenames)

.debug_varnames
 *(.debug_varnames)
OUTPUT(main.elf elf32-littlearm)

.debug_ranges   0x0000000000000000      0x568
 .debug_ranges  0x0000000000000000       0x38 main.o
 .debug_ranges  0x0000000000000038       0x20 ../../common//libstmcommon.a(system_stm32f4xx.o)
 .debug_ranges  0x0000000000000058       0x78 ../../stm_spl//libstm_spl.a(stm32f4xx_gpio.o)
 .debug_ranges  0x00000000000000d0      0x1b0 ../../stm_spl//libstm_spl.a(stm32f4xx_rcc.o)
 .debug_ranges  0x0000000000000280      0x2e8 ../../stm_spl//libstm_spl.a(stm32f4xx_tim.o)
