Archive member included to satisfy reference by file (symbol)

../../common//libstmcommon.a(system_stm32f4xx.o)
                              ../../common/as/startup_stm32f40_41xxx.o (SystemInit)

Discarded input sections

 .text          0x0000000000000000        0x0 main.o
 .data          0x0000000000000000        0x0 main.o
 .bss           0x0000000000000000        0x0 main.o
 .text          0x0000000000000000       0x14 ../../common/as/startup_stm32f40_41xxx.o
 .data          0x0000000000000000        0x0 ../../common/as/startup_stm32f40_41xxx.o
 .bss           0x0000000000000000        0x0 ../../common/as/startup_stm32f40_41xxx.o
 .text          0x0000000000000000        0x0 ../../common//libstmcommon.a(system_stm32f4xx.o)
 .data          0x0000000000000000        0x0 ../../common//libstmcommon.a(system_stm32f4xx.o)
 .bss           0x0000000000000000        0x0 ../../common//libstmcommon.a(system_stm32f4xx.o)

Memory Configuration

Name             Origin             Length             Attributes
RAM              0x0000000020000000 0x0000000000020000 xrw
CCMRAM           0x0000000010000000 0x0000000000010000 xrw
FLASH            0x0000000008000000 0x0000000000100000 xr
FLASHB1          0x0000000000000000 0x0000000000000000 xr
EXTMEMB0         0x0000000000000000 0x0000000000000000 xr
EXTMEMB1         0x0000000000000000 0x0000000000000000 xr
EXTMEMB2         0x0000000000000000 0x0000000000000000 xr
EXTMEMB3         0x0000000000000000 0x0000000000000000 xr
MEMORY_ARRAY     0x0000000020002000 0x0000000000000020 xrw
*default*        0x0000000000000000 0xffffffffffffffff

Linker script and memory map

LOAD main.o
LOAD ../../common/as/startup_stm32f40_41xxx.o
START GROUP
LOAD /usr/lib/gcc/arm-none-eabi/6.3.1/../../../arm-none-eabi/lib/thumb/v7e-m/fpv4-sp/hard/libc.a
LOAD /usr/lib/gcc/arm-none-eabi/6.3.1/thumb/v7e-m/fpv4-sp/hard/libgcc.a
LOAD /usr/lib/gcc/arm-none-eabi/6.3.1/../../../arm-none-eabi/lib/thumb/v7e-m/fpv4-sp/hard/libnosys.a
END GROUP
LOAD ../../common//libstmcommon.a
LOAD ../../stm_spl//libstm_spl.a
START GROUP
LOAD /usr/lib/gcc/arm-none-eabi/6.3.1/thumb/v7e-m/fpv4-sp/hard/libgcc.a
LOAD /usr/lib/gcc/arm-none-eabi/6.3.1/../../../arm-none-eabi/lib/thumb/v7e-m/fpv4-sp/hard/libc.a
END GROUP
                0x0000000000004000                __Stack_Size = 0x4000
                [!provide]                        PROVIDE (_Stack_Size, __Stack_Size)
                0x000000002001c000                __Stack_Init = (_estack - __Stack_Size)
                [!provide]                        PROVIDE (_Stack_Init, __Stack_Init)
                0x0000000000004000                _Minimum_Stack_Size = 0x4000
                0x0000000020020000                _estack = 0x20020000

.isr_vector     0x0000000008000000      0x188
                0x0000000008000000                . = ALIGN (0x4)
 *(.isr_vector)
 .isr_vector    0x0000000008000000      0x188 ../../common/as/startup_stm32f40_41xxx.o
                0x0000000008000000                g_pfnVectors
                0x0000000008000188                . = ALIGN (0x4)

.flashtext      0x0000000008000188        0x0
                0x0000000008000188                . = ALIGN (0x4)
 *(.flashtext)
                0x0000000008000188                . = ALIGN (0x4)

.text           0x0000000008000188      0x2f4
                0x0000000008000188                . = ALIGN (0x4)
 *(.text)
 *(.text.*)
 .text.main     0x0000000008000188       0x4e main.o
                0x0000000008000188                main
 *fill*         0x00000000080001d6        0x2 
 .text.Reset_Handler
                0x00000000080001d8       0x44 ../../common/as/startup_stm32f40_41xxx.o
                0x00000000080001d8                Reset_Handler
 .text.Default_Handler
                0x000000000800021c        0x2 ../../common/as/startup_stm32f40_41xxx.o
                0x000000000800021c                RTC_Alarm_IRQHandler
                0x000000000800021c                HASH_RNG_IRQHandler
                0x000000000800021c                EXTI2_IRQHandler
                0x000000000800021c                TIM8_CC_IRQHandler
                0x000000000800021c                DebugMon_Handler
                0x000000000800021c                TIM1_CC_IRQHandler
                0x000000000800021c                DMA2_Stream5_IRQHandler
                0x000000000800021c                HardFault_Handler
                0x000000000800021c                DMA1_Stream5_IRQHandler
                0x000000000800021c                SysTick_Handler
                0x000000000800021c                PVD_IRQHandler
                0x000000000800021c                SDIO_IRQHandler
                0x000000000800021c                TAMP_STAMP_IRQHandler
                0x000000000800021c                PendSV_Handler
                0x000000000800021c                NMI_Handler
                0x000000000800021c                CAN2_RX1_IRQHandler
                0x000000000800021c                EXTI3_IRQHandler
                0x000000000800021c                TIM8_TRG_COM_TIM14_IRQHandler
                0x000000000800021c                TIM1_UP_TIM10_IRQHandler
                0x000000000800021c                TIM8_UP_TIM13_IRQHandler
                0x000000000800021c                I2C3_ER_IRQHandler
                0x000000000800021c                EXTI0_IRQHandler
                0x000000000800021c                I2C2_EV_IRQHandler
                0x000000000800021c                DMA1_Stream2_IRQHandler
                0x000000000800021c                CAN1_RX0_IRQHandler
                0x000000000800021c                FPU_IRQHandler
                0x000000000800021c                OTG_HS_WKUP_IRQHandler
                0x000000000800021c                UsageFault_Handler
                0x000000000800021c                CAN2_SCE_IRQHandler
                0x000000000800021c                DMA2_Stream2_IRQHandler
                0x000000000800021c                SPI1_IRQHandler
                0x000000000800021c                TIM6_DAC_IRQHandler
                0x000000000800021c                TIM1_BRK_TIM9_IRQHandler
                0x000000000800021c                DCMI_IRQHandler
                0x000000000800021c                CAN2_RX0_IRQHandler
                0x000000000800021c                DMA2_Stream3_IRQHandler
                0x000000000800021c                USART6_IRQHandler
                0x000000000800021c                USART3_IRQHandler
                0x000000000800021c                CRYP_IRQHandler
                0x000000000800021c                CAN1_RX1_IRQHandler
                0x000000000800021c                UART5_IRQHandler
                0x000000000800021c                DMA2_Stream0_IRQHandler
                0x000000000800021c                TIM4_IRQHandler
                0x000000000800021c                I2C1_EV_IRQHandler
                0x000000000800021c                DMA1_Stream6_IRQHandler
                0x000000000800021c                DMA1_Stream1_IRQHandler
                0x000000000800021c                UART4_IRQHandler
                0x000000000800021c                TIM3_IRQHandler
                0x000000000800021c                RCC_IRQHandler
                0x000000000800021c                TIM8_BRK_TIM12_IRQHandler
                0x000000000800021c                Default_Handler
                0x000000000800021c                EXTI15_10_IRQHandler
                0x000000000800021c                ADC_IRQHandler
                0x000000000800021c                DMA1_Stream7_IRQHandler
                0x000000000800021c                TIM7_IRQHandler
                0x000000000800021c                CAN2_TX_IRQHandler
                0x000000000800021c                TIM5_IRQHandler
                0x000000000800021c                DMA2_Stream7_IRQHandler
                0x000000000800021c                I2C3_EV_IRQHandler
                0x000000000800021c                EXTI9_5_IRQHandler
                0x000000000800021c                RTC_WKUP_IRQHandler
                0x000000000800021c                ETH_WKUP_IRQHandler
                0x000000000800021c                SPI2_IRQHandler
                0x000000000800021c                OTG_HS_EP1_IN_IRQHandler
                0x000000000800021c                MemManage_Handler
                0x000000000800021c                DMA1_Stream0_IRQHandler
                0x000000000800021c                CAN1_TX_IRQHandler
                0x000000000800021c                SVC_Handler
                0x000000000800021c                EXTI4_IRQHandler
                0x000000000800021c                FSMC_IRQHandler
                0x000000000800021c                ETH_IRQHandler
                0x000000000800021c                OTG_HS_EP1_OUT_IRQHandler
                0x000000000800021c                WWDG_IRQHandler
                0x000000000800021c                TIM2_IRQHandler
                0x000000000800021c                OTG_FS_WKUP_IRQHandler
                0x000000000800021c                TIM1_TRG_COM_TIM11_IRQHandler
                0x000000000800021c                OTG_HS_IRQHandler
                0x000000000800021c                EXTI1_IRQHandler
                0x000000000800021c                USART2_IRQHandler
                0x000000000800021c                I2C2_ER_IRQHandler
                0x000000000800021c                DMA2_Stream1_IRQHandler
                0x000000000800021c                CAN1_SCE_IRQHandler
                0x000000000800021c                FLASH_IRQHandler
                0x000000000800021c                DMA2_Stream4_IRQHandler
                0x000000000800021c                BusFault_Handler
                0x000000000800021c                USART1_IRQHandler
                0x000000000800021c                OTG_FS_IRQHandler
                0x000000000800021c                SPI3_IRQHandler
                0x000000000800021c                DMA1_Stream4_IRQHandler
                0x000000000800021c                I2C1_ER_IRQHandler
                0x000000000800021c                DMA2_Stream6_IRQHandler
                0x000000000800021c                DMA1_Stream3_IRQHandler
 *fill*         0x000000000800021e        0x2 
 .text.SystemInit
                0x0000000008000220       0x6c ../../common//libstmcommon.a(system_stm32f4xx.o)
                0x0000000008000220                SystemInit
 .text.SystemCoreClockUpdate
                0x000000000800028c       0xf8 ../../common//libstmcommon.a(system_stm32f4xx.o)
                0x000000000800028c                SystemCoreClockUpdate
 .text.SetSysClock
                0x0000000008000384       0xf8 ../../common//libstmcommon.a(system_stm32f4xx.o)
 *(.rodata)
 *(.rodata*)
 *(.glue_7)
 .glue_7        0x000000000800047c        0x0 linker stubs
 *(.glue_7t)
 .glue_7t       0x000000000800047c        0x0 linker stubs
                0x000000000800047c                . = ALIGN (0x4)
                0x000000000800047c                _etext = .
                0x000000000800047c                _sidata = _etext

.vfp11_veneer   0x000000000800047c        0x0
 .vfp11_veneer  0x000000000800047c        0x0 linker stubs

.v4_bx          0x000000000800047c        0x0
 .v4_bx         0x000000000800047c        0x0 linker stubs

.iplt           0x000000000800047c        0x0
 .iplt          0x000000000800047c        0x0 main.o

.rel.dyn        0x000000000800047c        0x0
 .rel.iplt      0x000000000800047c        0x0 main.o

.ROarraySection
 *(.ROarraySection)

.data           0x0000000020000000       0x14 load address 0x000000000800047c
                0x0000000020000000                . = ALIGN (0x4)
                0x0000000020000000                _sdata = .
 *(.data)
 *(.data.*)
 .data.SystemCoreClock
                0x0000000020000000        0x4 ../../common//libstmcommon.a(system_stm32f4xx.o)
                0x0000000020000000                SystemCoreClock
 .data.AHBPrescTable
                0x0000000020000004       0x10 ../../common//libstmcommon.a(system_stm32f4xx.o)
                0x0000000020000004                AHBPrescTable
                0x0000000020000014                . = ALIGN (0x4)
                0x0000000020000014                _edata = .

.igot.plt       0x0000000020000014        0x0 load address 0x0000000008000490
 .igot.plt      0x0000000020000014        0x0 main.o

.bss            0x0000000020000014        0x0
                0x0000000020000014                . = ALIGN (0x4)
                0x0000000020000014                _sbss = .
 *(.bss)
 *(COMMON)
                0x0000000020000014                . = ALIGN (0x4)
                0x0000000020000014                _ebss = .
                [!provide]                        PROVIDE (end, _ebss)
                [!provide]                        PROVIDE (_end, _ebss)

._usrstack      0x0000000020000014     0x4000 load address 0x0000000008000490
                0x0000000020000014                . = ALIGN (0x4)
                0x0000000020000014                _susrstack = .
                0x0000000020004014                . = (. + _Minimum_Stack_Size)
 *fill*         0x0000000020000014     0x4000 
                0x0000000020004014                . = ALIGN (0x4)
                0x0000000020004014                _eusrstack = .

.b1text
 *(.b1text)
 *(.b1rodata)
 *(.b1rodata*)

.eb0text
 *(.eb0text)
 *(.eb0rodata)
 *(.eb0rodata*)

.eb1text
 *(.eb1text)
 *(.eb1rodata)
 *(.eb1rodata*)

.eb2text
 *(.eb2text)
 *(.eb2rodata)
 *(.eb2rodata*)

.eb3text
 *(.eb3text)
 *(.eb3rodata)
 *(.eb3rodata*)

DISCARD
 libc.a(*)
 libm.a(*)
 libgcc.a(*)

.stab
 *(.stab)

.stabstr
 *(.stabstr)

.stab.excl
 *(.stab.excl)

.stab.exclstr
 *(.stab.exclstr)

.stab.index
 *(.stab.index)

.stab.indexstr
 *(.stab.indexstr)

.comment        0x0000000000000000       0x31
 *(.comment)
 .comment       0x0000000000000000       0x31 main.o
                                         0x32 (size before relaxing)
 .comment       0x0000000000000031       0x32 ../../common//libstmcommon.a(system_stm32f4xx.o)

.ARM.attributes
                0x0000000000000000       0x37
 .ARM.attributes
                0x0000000000000000       0x39 main.o
 .ARM.attributes
                0x0000000000000039       0x21 ../../common/as/startup_stm32f40_41xxx.o
 .ARM.attributes
                0x000000000000005a       0x39 ../../common//libstmcommon.a(system_stm32f4xx.o)

.debug
 *(.debug)

.line
 *(.line)

.debug_srcinfo
 *(.debug_srcinfo)

.debug_sfnames
 *(.debug_sfnames)

.debug_aranges  0x0000000000000000       0x50
 *(.debug_aranges)
 .debug_aranges
                0x0000000000000000       0x20 main.o
 .debug_aranges
                0x0000000000000020       0x30 ../../common//libstmcommon.a(system_stm32f4xx.o)

.debug_pubnames
 *(.debug_pubnames)

.debug_info     0x0000000000000000     0x11b3
 *(.debug_info .gnu.linkonce.wi.*)
 .debug_info    0x0000000000000000      0xba2 main.o
 .debug_info    0x0000000000000ba2      0x611 ../../common//libstmcommon.a(system_stm32f4xx.o)

.debug_abbrev   0x0000000000000000      0x379
 *(.debug_abbrev)
 .debug_abbrev  0x0000000000000000      0x221 main.o
 .debug_abbrev  0x0000000000000221      0x158 ../../common//libstmcommon.a(system_stm32f4xx.o)

.debug_line     0x0000000000000000      0x2ee
 *(.debug_line)
 .debug_line    0x0000000000000000      0x178 main.o
 .debug_line    0x0000000000000178      0x176 ../../common//libstmcommon.a(system_stm32f4xx.o)

.debug_frame    0x0000000000000000       0xac
 *(.debug_frame)
 .debug_frame   0x0000000000000000       0x30 main.o
 .debug_frame   0x0000000000000030       0x7c ../../common//libstmcommon.a(system_stm32f4xx.o)

.debug_str      0x0000000000000000      0x8a6
 *(.debug_str)
 .debug_str     0x0000000000000000      0x698 main.o
                                        0x711 (size before relaxing)
 .debug_str     0x0000000000000698      0x20e ../../common//libstmcommon.a(system_stm32f4xx.o)
                                        0x3d3 (size before relaxing)

.debug_loc
 *(.debug_loc)

.debug_macinfo
 *(.debug_macinfo)

.debug_weaknames
 *(.debug_weaknames)

.debug_funcnames
 *(.debug_funcnames)

.debug_typenames
 *(.debug_typenames)

.debug_varnames
 *(.debug_varnames)
OUTPUT(main.elf elf32-littlearm)

.debug_ranges   0x0000000000000000       0x30
 .debug_ranges  0x0000000000000000       0x10 main.o
 .debug_ranges  0x0000000000000010       0x20 ../../common//libstmcommon.a(system_stm32f4xx.o)
