Archive member included to satisfy reference by file (symbol)

../../common//libstmcommon.a(system_stm32f4xx.o)
                              ../../common/as/startup_stm32f40_41xxx.o (SystemInit)
../../stm_spl//libstm_spl.a(stm32f4xx_gpio.o)
                              main.o (GPIO_Init)
../../stm_spl//libstm_spl.a(stm32f4xx_rcc.o)
                              main.o (RCC_AHB1PeriphClockCmd)

Discarded input sections

 .text          0x0000000000000000        0x0 main.o
 .data          0x0000000000000000        0x0 main.o
 .bss           0x0000000000000000        0x0 main.o
 .text          0x0000000000000000       0x14 ../../common/as/startup_stm32f40_41xxx.o
 .data          0x0000000000000000        0x0 ../../common/as/startup_stm32f40_41xxx.o
 .bss           0x0000000000000000        0x0 ../../common/as/startup_stm32f40_41xxx.o
 .text          0x0000000000000000        0x0 ../../common//libstmcommon.a(system_stm32f4xx.o)
 .data          0x0000000000000000        0x0 ../../common//libstmcommon.a(system_stm32f4xx.o)
 .bss           0x0000000000000000        0x0 ../../common//libstmcommon.a(system_stm32f4xx.o)
 .data.SystemCoreClock
                0x0000000000000000        0x4 ../../common//libstmcommon.a(system_stm32f4xx.o)
 .data.AHBPrescTable
                0x0000000000000000       0x10 ../../common//libstmcommon.a(system_stm32f4xx.o)
 .text.SystemCoreClockUpdate
                0x0000000000000000       0xf8 ../../common//libstmcommon.a(system_stm32f4xx.o)
 .text          0x0000000000000000        0x0 ../../stm_spl//libstm_spl.a(stm32f4xx_gpio.o)
 .data          0x0000000000000000        0x0 ../../stm_spl//libstm_spl.a(stm32f4xx_gpio.o)
 .bss           0x0000000000000000        0x0 ../../stm_spl//libstm_spl.a(stm32f4xx_gpio.o)
 .text.GPIO_DeInit
                0x0000000000000000      0x164 ../../stm_spl//libstm_spl.a(stm32f4xx_gpio.o)
 .text.GPIO_StructInit
                0x0000000000000000       0x34 ../../stm_spl//libstm_spl.a(stm32f4xx_gpio.o)
 .text.GPIO_PinLockConfig
                0x0000000000000000       0x44 ../../stm_spl//libstm_spl.a(stm32f4xx_gpio.o)
 .text.GPIO_ReadInputDataBit
                0x0000000000000000       0x34 ../../stm_spl//libstm_spl.a(stm32f4xx_gpio.o)
 .text.GPIO_ReadInputData
                0x0000000000000000       0x1a ../../stm_spl//libstm_spl.a(stm32f4xx_gpio.o)
 .text.GPIO_ReadOutputDataBit
                0x0000000000000000       0x34 ../../stm_spl//libstm_spl.a(stm32f4xx_gpio.o)
 .text.GPIO_ReadOutputData
                0x0000000000000000       0x1a ../../stm_spl//libstm_spl.a(stm32f4xx_gpio.o)
 .text.GPIO_WriteBit
                0x0000000000000000       0x30 ../../stm_spl//libstm_spl.a(stm32f4xx_gpio.o)
 .text.GPIO_Write
                0x0000000000000000       0x1e ../../stm_spl//libstm_spl.a(stm32f4xx_gpio.o)
 .text.GPIO_ToggleBits
                0x0000000000000000       0x24 ../../stm_spl//libstm_spl.a(stm32f4xx_gpio.o)
 .text.GPIO_PinAFConfig
                0x0000000000000000       0x92 ../../stm_spl//libstm_spl.a(stm32f4xx_gpio.o)
 .text          0x0000000000000000        0x0 ../../stm_spl//libstm_spl.a(stm32f4xx_rcc.o)
 .data          0x0000000000000000        0x0 ../../stm_spl//libstm_spl.a(stm32f4xx_rcc.o)
 .bss           0x0000000000000000        0x0 ../../stm_spl//libstm_spl.a(stm32f4xx_rcc.o)
 .data.APBAHBPrescTable
                0x0000000000000000       0x10 ../../stm_spl//libstm_spl.a(stm32f4xx_rcc.o)
 .text.RCC_DeInit
                0x0000000000000000       0x70 ../../stm_spl//libstm_spl.a(stm32f4xx_rcc.o)
 .text.RCC_HSEConfig
                0x0000000000000000       0x28 ../../stm_spl//libstm_spl.a(stm32f4xx_rcc.o)
 .text.RCC_WaitForHSEStartUp
                0x0000000000000000       0x50 ../../stm_spl//libstm_spl.a(stm32f4xx_rcc.o)
 .text.RCC_AdjustHSICalibrationValue
                0x0000000000000000       0x3c ../../stm_spl//libstm_spl.a(stm32f4xx_rcc.o)
 .text.RCC_HSICmd
                0x0000000000000000       0x20 ../../stm_spl//libstm_spl.a(stm32f4xx_rcc.o)
 .text.RCC_LSEConfig
                0x0000000000000000       0x44 ../../stm_spl//libstm_spl.a(stm32f4xx_rcc.o)
 .text.RCC_LSICmd
                0x0000000000000000       0x20 ../../stm_spl//libstm_spl.a(stm32f4xx_rcc.o)
 .text.RCC_PLLConfig
                0x0000000000000000       0x40 ../../stm_spl//libstm_spl.a(stm32f4xx_rcc.o)
 .text.RCC_PLLCmd
                0x0000000000000000       0x20 ../../stm_spl//libstm_spl.a(stm32f4xx_rcc.o)
 .text.RCC_PLLI2SConfig
                0x0000000000000000       0x2c ../../stm_spl//libstm_spl.a(stm32f4xx_rcc.o)
 .text.RCC_PLLI2SCmd
                0x0000000000000000       0x20 ../../stm_spl//libstm_spl.a(stm32f4xx_rcc.o)
 .text.RCC_PLLSAIConfig
                0x0000000000000000       0x34 ../../stm_spl//libstm_spl.a(stm32f4xx_rcc.o)
 .text.RCC_PLLSAICmd
                0x0000000000000000       0x20 ../../stm_spl//libstm_spl.a(stm32f4xx_rcc.o)
 .text.RCC_ClockSecuritySystemCmd
                0x0000000000000000       0x20 ../../stm_spl//libstm_spl.a(stm32f4xx_rcc.o)
 .text.RCC_MCO1Config
                0x0000000000000000       0x40 ../../stm_spl//libstm_spl.a(stm32f4xx_rcc.o)
 .text.RCC_MCO2Config
                0x0000000000000000       0x40 ../../stm_spl//libstm_spl.a(stm32f4xx_rcc.o)
 .text.RCC_SYSCLKConfig
                0x0000000000000000       0x38 ../../stm_spl//libstm_spl.a(stm32f4xx_rcc.o)
 .text.RCC_GetSYSCLKSource
                0x0000000000000000       0x20 ../../stm_spl//libstm_spl.a(stm32f4xx_rcc.o)
 .text.RCC_HCLKConfig
                0x0000000000000000       0x38 ../../stm_spl//libstm_spl.a(stm32f4xx_rcc.o)
 .text.RCC_PCLK1Config
                0x0000000000000000       0x38 ../../stm_spl//libstm_spl.a(stm32f4xx_rcc.o)
 .text.RCC_PCLK2Config
                0x0000000000000000       0x3c ../../stm_spl//libstm_spl.a(stm32f4xx_rcc.o)
 .text.RCC_GetClocksFreq
                0x0000000000000000      0x150 ../../stm_spl//libstm_spl.a(stm32f4xx_rcc.o)
 .text.RCC_RTCCLKConfig
                0x0000000000000000       0x5c ../../stm_spl//libstm_spl.a(stm32f4xx_rcc.o)
 .text.RCC_RTCCLKCmd
                0x0000000000000000       0x20 ../../stm_spl//libstm_spl.a(stm32f4xx_rcc.o)
 .text.RCC_BackupResetCmd
                0x0000000000000000       0x20 ../../stm_spl//libstm_spl.a(stm32f4xx_rcc.o)
 .text.RCC_I2SCLKConfig
                0x0000000000000000       0x20 ../../stm_spl//libstm_spl.a(stm32f4xx_rcc.o)
 .text.RCC_SAIBlockACLKConfig
                0x0000000000000000       0x3c ../../stm_spl//libstm_spl.a(stm32f4xx_rcc.o)
 .text.RCC_SAIBlockBCLKConfig
                0x0000000000000000       0x3c ../../stm_spl//libstm_spl.a(stm32f4xx_rcc.o)
 .text.RCC_SAIPLLI2SClkDivConfig
                0x0000000000000000       0x40 ../../stm_spl//libstm_spl.a(stm32f4xx_rcc.o)
 .text.RCC_SAIPLLSAIClkDivConfig
                0x0000000000000000       0x40 ../../stm_spl//libstm_spl.a(stm32f4xx_rcc.o)
 .text.RCC_LTDCCLKDivConfig
                0x0000000000000000       0x3c ../../stm_spl//libstm_spl.a(stm32f4xx_rcc.o)
 .text.RCC_TIMCLKPresConfig
                0x0000000000000000       0x20 ../../stm_spl//libstm_spl.a(stm32f4xx_rcc.o)
 .text.RCC_AHB2PeriphClockCmd
                0x0000000000000000       0x40 ../../stm_spl//libstm_spl.a(stm32f4xx_rcc.o)
 .text.RCC_AHB3PeriphClockCmd
                0x0000000000000000       0x40 ../../stm_spl//libstm_spl.a(stm32f4xx_rcc.o)
 .text.RCC_APB1PeriphClockCmd
                0x0000000000000000       0x40 ../../stm_spl//libstm_spl.a(stm32f4xx_rcc.o)
 .text.RCC_APB2PeriphClockCmd
                0x0000000000000000       0x40 ../../stm_spl//libstm_spl.a(stm32f4xx_rcc.o)
 .text.RCC_AHB1PeriphResetCmd
                0x0000000000000000       0x40 ../../stm_spl//libstm_spl.a(stm32f4xx_rcc.o)
 .text.RCC_AHB2PeriphResetCmd
                0x0000000000000000       0x40 ../../stm_spl//libstm_spl.a(stm32f4xx_rcc.o)
 .text.RCC_AHB3PeriphResetCmd
                0x0000000000000000       0x40 ../../stm_spl//libstm_spl.a(stm32f4xx_rcc.o)
 .text.RCC_APB1PeriphResetCmd
                0x0000000000000000       0x40 ../../stm_spl//libstm_spl.a(stm32f4xx_rcc.o)
 .text.RCC_APB2PeriphResetCmd
                0x0000000000000000       0x40 ../../stm_spl//libstm_spl.a(stm32f4xx_rcc.o)
 .text.RCC_AHB1PeriphClockLPModeCmd
                0x0000000000000000       0x40 ../../stm_spl//libstm_spl.a(stm32f4xx_rcc.o)
 .text.RCC_AHB2PeriphClockLPModeCmd
                0x0000000000000000       0x40 ../../stm_spl//libstm_spl.a(stm32f4xx_rcc.o)
 .text.RCC_AHB3PeriphClockLPModeCmd
                0x0000000000000000       0x40 ../../stm_spl//libstm_spl.a(stm32f4xx_rcc.o)
 .text.RCC_APB1PeriphClockLPModeCmd
                0x0000000000000000       0x40 ../../stm_spl//libstm_spl.a(stm32f4xx_rcc.o)
 .text.RCC_APB2PeriphClockLPModeCmd
                0x0000000000000000       0x40 ../../stm_spl//libstm_spl.a(stm32f4xx_rcc.o)
 .text.RCC_LSEModeConfig
                0x0000000000000000       0x3c ../../stm_spl//libstm_spl.a(stm32f4xx_rcc.o)
 .text.RCC_ITConfig
                0x0000000000000000       0x4c ../../stm_spl//libstm_spl.a(stm32f4xx_rcc.o)
 .text.RCC_GetFlagStatus
                0x0000000000000000       0x74 ../../stm_spl//libstm_spl.a(stm32f4xx_rcc.o)
 .text.RCC_ClearFlag
                0x0000000000000000       0x20 ../../stm_spl//libstm_spl.a(stm32f4xx_rcc.o)
 .text.RCC_GetITStatus
                0x0000000000000000       0x38 ../../stm_spl//libstm_spl.a(stm32f4xx_rcc.o)
 .text.RCC_ClearITPendingBit
                0x0000000000000000       0x20 ../../stm_spl//libstm_spl.a(stm32f4xx_rcc.o)

Memory Configuration

Name             Origin             Length             Attributes
RAM              0x0000000020000000 0x0000000000020000 xrw
CCMRAM           0x0000000010000000 0x0000000000010000 xrw
FLASH            0x0000000008000000 0x0000000000100000 xr
FLASHB1          0x0000000000000000 0x0000000000000000 xr
EXTMEMB0         0x0000000000000000 0x0000000000000000 xr
EXTMEMB1         0x0000000000000000 0x0000000000000000 xr
EXTMEMB2         0x0000000000000000 0x0000000000000000 xr
EXTMEMB3         0x0000000000000000 0x0000000000000000 xr
MEMORY_ARRAY     0x0000000020002000 0x0000000000000020 xrw
*default*        0x0000000000000000 0xffffffffffffffff

Linker script and memory map

LOAD main.o
LOAD ../../common/as/startup_stm32f40_41xxx.o
START GROUP
LOAD /usr/lib/gcc/arm-none-eabi/6.3.1/../../../arm-none-eabi/lib/thumb/v7e-m/fpv4-sp/hard/libc.a
LOAD /usr/lib/gcc/arm-none-eabi/6.3.1/thumb/v7e-m/fpv4-sp/hard/libgcc.a
LOAD /usr/lib/gcc/arm-none-eabi/6.3.1/../../../arm-none-eabi/lib/thumb/v7e-m/fpv4-sp/hard/libnosys.a
END GROUP
LOAD ../../common//libstmcommon.a
LOAD ../../stm_spl//libstm_spl.a
START GROUP
LOAD /usr/lib/gcc/arm-none-eabi/6.3.1/thumb/v7e-m/fpv4-sp/hard/libgcc.a
LOAD /usr/lib/gcc/arm-none-eabi/6.3.1/../../../arm-none-eabi/lib/thumb/v7e-m/fpv4-sp/hard/libc.a
END GROUP
                0x0000000000004000                __Stack_Size = 0x4000
                [!provide]                        PROVIDE (_Stack_Size, __Stack_Size)
                0x000000002001c000                __Stack_Init = (_estack - __Stack_Size)
                [!provide]                        PROVIDE (_Stack_Init, __Stack_Init)
                0x0000000000004000                _Minimum_Stack_Size = 0x4000
                0x0000000020020000                _estack = 0x20020000

.isr_vector     0x0000000008000000      0x188
                0x0000000008000000                . = ALIGN (0x4)
 *(.isr_vector)
 .isr_vector    0x0000000008000000      0x188 ../../common/as/startup_stm32f40_41xxx.o
                0x0000000008000000                g_pfnVectors
                0x0000000008000188                . = ALIGN (0x4)

.flashtext      0x0000000008000188        0x0
                0x0000000008000188                . = ALIGN (0x4)
 *(.flashtext)
                0x0000000008000188                . = ALIGN (0x4)

.text           0x0000000008000188      0x3c8
                0x0000000008000188                . = ALIGN (0x4)
 *(.text)
 *(.text.*)
 .text.main     0x0000000008000188       0x84 main.o
                0x0000000008000188                main
 .text.Reset_Handler
                0x000000000800020c       0x44 ../../common/as/startup_stm32f40_41xxx.o
                0x000000000800020c                Reset_Handler
 .text.Default_Handler
                0x0000000008000250        0x2 ../../common/as/startup_stm32f40_41xxx.o
                0x0000000008000250                RTC_Alarm_IRQHandler
                0x0000000008000250                HASH_RNG_IRQHandler
                0x0000000008000250                EXTI2_IRQHandler
                0x0000000008000250                TIM8_CC_IRQHandler
                0x0000000008000250                DebugMon_Handler
                0x0000000008000250                TIM1_CC_IRQHandler
                0x0000000008000250                DMA2_Stream5_IRQHandler
                0x0000000008000250                HardFault_Handler
                0x0000000008000250                DMA1_Stream5_IRQHandler
                0x0000000008000250                SysTick_Handler
                0x0000000008000250                PVD_IRQHandler
                0x0000000008000250                SDIO_IRQHandler
                0x0000000008000250                TAMP_STAMP_IRQHandler
                0x0000000008000250                PendSV_Handler
                0x0000000008000250                NMI_Handler
                0x0000000008000250                CAN2_RX1_IRQHandler
                0x0000000008000250                EXTI3_IRQHandler
                0x0000000008000250                TIM8_TRG_COM_TIM14_IRQHandler
                0x0000000008000250                TIM1_UP_TIM10_IRQHandler
                0x0000000008000250                TIM8_UP_TIM13_IRQHandler
                0x0000000008000250                I2C3_ER_IRQHandler
                0x0000000008000250                EXTI0_IRQHandler
                0x0000000008000250                I2C2_EV_IRQHandler
                0x0000000008000250                DMA1_Stream2_IRQHandler
                0x0000000008000250                CAN1_RX0_IRQHandler
                0x0000000008000250                FPU_IRQHandler
                0x0000000008000250                OTG_HS_WKUP_IRQHandler
                0x0000000008000250                UsageFault_Handler
                0x0000000008000250                CAN2_SCE_IRQHandler
                0x0000000008000250                DMA2_Stream2_IRQHandler
                0x0000000008000250                SPI1_IRQHandler
                0x0000000008000250                TIM6_DAC_IRQHandler
                0x0000000008000250                TIM1_BRK_TIM9_IRQHandler
                0x0000000008000250                DCMI_IRQHandler
                0x0000000008000250                CAN2_RX0_IRQHandler
                0x0000000008000250                DMA2_Stream3_IRQHandler
                0x0000000008000250                USART6_IRQHandler
                0x0000000008000250                USART3_IRQHandler
                0x0000000008000250                CRYP_IRQHandler
                0x0000000008000250                CAN1_RX1_IRQHandler
                0x0000000008000250                UART5_IRQHandler
                0x0000000008000250                DMA2_Stream0_IRQHandler
                0x0000000008000250                TIM4_IRQHandler
                0x0000000008000250                I2C1_EV_IRQHandler
                0x0000000008000250                DMA1_Stream6_IRQHandler
                0x0000000008000250                DMA1_Stream1_IRQHandler
                0x0000000008000250                UART4_IRQHandler
                0x0000000008000250                TIM3_IRQHandler
                0x0000000008000250                RCC_IRQHandler
                0x0000000008000250                TIM8_BRK_TIM12_IRQHandler
                0x0000000008000250                Default_Handler
                0x0000000008000250                EXTI15_10_IRQHandler
                0x0000000008000250                ADC_IRQHandler
                0x0000000008000250                DMA1_Stream7_IRQHandler
                0x0000000008000250                TIM7_IRQHandler
                0x0000000008000250                CAN2_TX_IRQHandler
                0x0000000008000250                TIM5_IRQHandler
                0x0000000008000250                DMA2_Stream7_IRQHandler
                0x0000000008000250                I2C3_EV_IRQHandler
                0x0000000008000250                EXTI9_5_IRQHandler
                0x0000000008000250                RTC_WKUP_IRQHandler
                0x0000000008000250                ETH_WKUP_IRQHandler
                0x0000000008000250                SPI2_IRQHandler
                0x0000000008000250                OTG_HS_EP1_IN_IRQHandler
                0x0000000008000250                MemManage_Handler
                0x0000000008000250                DMA1_Stream0_IRQHandler
                0x0000000008000250                CAN1_TX_IRQHandler
                0x0000000008000250                SVC_Handler
                0x0000000008000250                EXTI4_IRQHandler
                0x0000000008000250                FSMC_IRQHandler
                0x0000000008000250                ETH_IRQHandler
                0x0000000008000250                OTG_HS_EP1_OUT_IRQHandler
                0x0000000008000250                WWDG_IRQHandler
                0x0000000008000250                TIM2_IRQHandler
                0x0000000008000250                OTG_FS_WKUP_IRQHandler
                0x0000000008000250                TIM1_TRG_COM_TIM11_IRQHandler
                0x0000000008000250                OTG_HS_IRQHandler
                0x0000000008000250                EXTI1_IRQHandler
                0x0000000008000250                USART2_IRQHandler
                0x0000000008000250                I2C2_ER_IRQHandler
                0x0000000008000250                DMA2_Stream1_IRQHandler
                0x0000000008000250                CAN1_SCE_IRQHandler
                0x0000000008000250                FLASH_IRQHandler
                0x0000000008000250                DMA2_Stream4_IRQHandler
                0x0000000008000250                BusFault_Handler
                0x0000000008000250                USART1_IRQHandler
                0x0000000008000250                OTG_FS_IRQHandler
                0x0000000008000250                SPI3_IRQHandler
                0x0000000008000250                DMA1_Stream4_IRQHandler
                0x0000000008000250                I2C1_ER_IRQHandler
                0x0000000008000250                DMA2_Stream6_IRQHandler
                0x0000000008000250                DMA1_Stream3_IRQHandler
 *fill*         0x0000000008000252        0x2 
 .text.SystemInit
                0x0000000008000254       0x6c ../../common//libstmcommon.a(system_stm32f4xx.o)
                0x0000000008000254                SystemInit
 .text.SetSysClock
                0x00000000080002c0       0xf8 ../../common//libstmcommon.a(system_stm32f4xx.o)
 .text.GPIO_Init
                0x00000000080003b8      0x11c ../../stm_spl//libstm_spl.a(stm32f4xx_gpio.o)
                0x00000000080003b8                GPIO_Init
 .text.GPIO_SetBits
                0x00000000080004d4       0x1e ../../stm_spl//libstm_spl.a(stm32f4xx_gpio.o)
                0x00000000080004d4                GPIO_SetBits
 .text.GPIO_ResetBits
                0x00000000080004f2       0x1e ../../stm_spl//libstm_spl.a(stm32f4xx_gpio.o)
                0x00000000080004f2                GPIO_ResetBits
 .text.RCC_AHB1PeriphClockCmd
                0x0000000008000510       0x40 ../../stm_spl//libstm_spl.a(stm32f4xx_rcc.o)
                0x0000000008000510                RCC_AHB1PeriphClockCmd
 *(.rodata)
 *(.rodata*)
 *(.glue_7)
 .glue_7        0x0000000008000550        0x0 linker stubs
 *(.glue_7t)
 .glue_7t       0x0000000008000550        0x0 linker stubs
                0x0000000008000550                . = ALIGN (0x4)
                0x0000000008000550                _etext = .
                0x0000000008000550                _sidata = _etext

.vfp11_veneer   0x0000000008000550        0x0
 .vfp11_veneer  0x0000000008000550        0x0 linker stubs

.v4_bx          0x0000000008000550        0x0
 .v4_bx         0x0000000008000550        0x0 linker stubs

.iplt           0x0000000008000550        0x0
 .iplt          0x0000000008000550        0x0 main.o

.rel.dyn        0x0000000008000550        0x0
 .rel.iplt      0x0000000008000550        0x0 main.o

.ROarraySection
 *(.ROarraySection)

.data           0x0000000020000000        0x0 load address 0x0000000008000550
                0x0000000020000000                . = ALIGN (0x4)
                0x0000000020000000                _sdata = .
 *(.data)
 *(.data.*)
                0x0000000020000000                . = ALIGN (0x4)
                0x0000000020000000                _edata = .

.igot.plt       0x0000000020000000        0x0
 .igot.plt      0x0000000020000000        0x0 main.o

.bss            0x0000000020000000        0x0
                0x0000000020000000                . = ALIGN (0x4)
                0x0000000020000000                _sbss = .
 *(.bss)
 *(COMMON)
                0x0000000020000000                . = ALIGN (0x4)
                0x0000000020000000                _ebss = .
                [!provide]                        PROVIDE (end, _ebss)
                [!provide]                        PROVIDE (_end, _ebss)

._usrstack      0x0000000020000000     0x4000
                0x0000000020000000                . = ALIGN (0x4)
                0x0000000020000000                _susrstack = .
                0x0000000020004000                . = (. + _Minimum_Stack_Size)
 *fill*         0x0000000020000000     0x4000 
                0x0000000020004000                . = ALIGN (0x4)
                0x0000000020004000                _eusrstack = .

.b1text
 *(.b1text)
 *(.b1rodata)
 *(.b1rodata*)

.eb0text
 *(.eb0text)
 *(.eb0rodata)
 *(.eb0rodata*)

.eb1text
 *(.eb1text)
 *(.eb1rodata)
 *(.eb1rodata*)

.eb2text
 *(.eb2text)
 *(.eb2rodata)
 *(.eb2rodata*)

.eb3text
 *(.eb3text)
 *(.eb3rodata)
 *(.eb3rodata*)

DISCARD
 libc.a(*)
 libm.a(*)
 libgcc.a(*)

.stab
 *(.stab)

.stabstr
 *(.stabstr)

.stab.excl
 *(.stab.excl)

.stab.exclstr
 *(.stab.exclstr)

.stab.index
 *(.stab.index)

.stab.indexstr
 *(.stab.indexstr)

.comment        0x0000000000000000       0x31
 *(.comment)
 .comment       0x0000000000000000       0x31 main.o
                                         0x32 (size before relaxing)
 .comment       0x0000000000000031       0x32 ../../common//libstmcommon.a(system_stm32f4xx.o)
 .comment       0x0000000000000031       0x32 ../../stm_spl//libstm_spl.a(stm32f4xx_gpio.o)
 .comment       0x0000000000000031       0x32 ../../stm_spl//libstm_spl.a(stm32f4xx_rcc.o)

.ARM.attributes
                0x0000000000000000       0x37
 .ARM.attributes
                0x0000000000000000       0x39 main.o
 .ARM.attributes
                0x0000000000000039       0x21 ../../common/as/startup_stm32f40_41xxx.o
 .ARM.attributes
                0x000000000000005a       0x39 ../../common//libstmcommon.a(system_stm32f4xx.o)
 .ARM.attributes
                0x0000000000000093       0x39 ../../stm_spl//libstm_spl.a(stm32f4xx_gpio.o)
 .ARM.attributes
                0x00000000000000cc       0x39 ../../stm_spl//libstm_spl.a(stm32f4xx_rcc.o)

.debug
 *(.debug)

.line
 *(.line)

.debug_srcinfo
 *(.debug_srcinfo)

.debug_sfnames
 *(.debug_sfnames)

.debug_aranges  0x0000000000000000      0x298
 *(.debug_aranges)
 .debug_aranges
                0x0000000000000000       0x20 main.o
 .debug_aranges
                0x0000000000000020       0x30 ../../common//libstmcommon.a(system_stm32f4xx.o)
 .debug_aranges
                0x0000000000000050       0x88 ../../stm_spl//libstm_spl.a(stm32f4xx_gpio.o)
 .debug_aranges
                0x00000000000000d8      0x1c0 ../../stm_spl//libstm_spl.a(stm32f4xx_rcc.o)

.debug_pubnames
 *(.debug_pubnames)

.debug_info     0x0000000000000000     0x25f5
 *(.debug_info .gnu.linkonce.wi.*)
 .debug_info    0x0000000000000000      0xb55 main.o
 .debug_info    0x0000000000000b55      0x611 ../../common//libstmcommon.a(system_stm32f4xx.o)
 .debug_info    0x0000000000001166      0x628 ../../stm_spl//libstm_spl.a(stm32f4xx_gpio.o)
 .debug_info    0x000000000000178e      0xe67 ../../stm_spl//libstm_spl.a(stm32f4xx_rcc.o)

.debug_abbrev   0x0000000000000000      0x6fd
 *(.debug_abbrev)
 .debug_abbrev  0x0000000000000000      0x21e main.o
 .debug_abbrev  0x000000000000021e      0x158 ../../common//libstmcommon.a(system_stm32f4xx.o)
 .debug_abbrev  0x0000000000000376      0x1b8 ../../stm_spl//libstm_spl.a(stm32f4xx_gpio.o)
 .debug_abbrev  0x000000000000052e      0x1cf ../../stm_spl//libstm_spl.a(stm32f4xx_rcc.o)

.debug_line     0x0000000000000000      0xb84
 *(.debug_line)
 .debug_line    0x0000000000000000      0x1bb main.o
 .debug_line    0x00000000000001bb      0x176 ../../common//libstmcommon.a(system_stm32f4xx.o)
 .debug_line    0x0000000000000331      0x2b0 ../../stm_spl//libstm_spl.a(stm32f4xx_gpio.o)
 .debug_line    0x00000000000005e1      0x5a3 ../../stm_spl//libstm_spl.a(stm32f4xx_rcc.o)

.debug_frame    0x0000000000000000      0xb24
 *(.debug_frame)
 .debug_frame   0x0000000000000000       0x30 main.o
 .debug_frame   0x0000000000000030       0x7c ../../common//libstmcommon.a(system_stm32f4xx.o)
 .debug_frame   0x00000000000000ac      0x23c ../../stm_spl//libstm_spl.a(stm32f4xx_gpio.o)
 .debug_frame   0x00000000000002e8      0x83c ../../stm_spl//libstm_spl.a(stm32f4xx_rcc.o)

.debug_str      0x0000000000000000     0x11d6
 *(.debug_str)
 .debug_str     0x0000000000000000      0x741 main.o
                                        0x7bc (size before relaxing)
 .debug_str     0x0000000000000741      0x23f ../../common//libstmcommon.a(system_stm32f4xx.o)
                                        0x3dc (size before relaxing)
 .debug_str     0x0000000000000980      0x1ab ../../stm_spl//libstm_spl.a(stm32f4xx_gpio.o)
                                        0x4bb (size before relaxing)
 .debug_str     0x0000000000000b2b      0x6ab ../../stm_spl//libstm_spl.a(stm32f4xx_rcc.o)
                                        0x9dd (size before relaxing)

.debug_loc
 *(.debug_loc)

.debug_macinfo
 *(.debug_macinfo)

.debug_weaknames
 *(.debug_weaknames)

.debug_funcnames
 *(.debug_funcnames)

.debug_typenames
 *(.debug_typenames)

.debug_varnames
 *(.debug_varnames)
OUTPUT(main.elf elf32-littlearm)

.debug_ranges   0x0000000000000000      0x258
 .debug_ranges  0x0000000000000000       0x10 main.o
 .debug_ranges  0x0000000000000010       0x20 ../../common//libstmcommon.a(system_stm32f4xx.o)
 .debug_ranges  0x0000000000000030       0x78 ../../stm_spl//libstm_spl.a(stm32f4xx_gpio.o)
 .debug_ranges  0x00000000000000a8      0x1b0 ../../stm_spl//libstm_spl.a(stm32f4xx_rcc.o)
